
Running Gradle task 'assembleRelease'...                        
Checking the license for package Android SDK Build-Tools 33.0.1 in /opt/sdk/android/licenses
License for package Android SDK Build-Tools 33.0.1 accepted.
Preparing "Install Android SDK Build-Tools 33.0.1 v.33.0.1".
"Install Android SDK Build-Tools 33.0.1 v.33.0.1" ready.
Installing Android SDK Build-Tools 33.0.1 in /opt/sdk/android/build-tools/33.0.1
"Install Android SDK Build-Tools 33.0.1 v.33.0.1" complete.
"Install Android SDK Build-Tools 33.0.1 v.33.0.1" finished.
Checking the license for package Android SDK Platform 34 in /opt/sdk/android/licenses
License for package Android SDK Platform 34 accepted.
Preparing "Install Android SDK Platform 34 (revision 3)".
"Install Android SDK Platform 34 (revision 3)" ready.
Installing Android SDK Platform 34 in /opt/sdk/android/platforms/android-34
"Install Android SDK Platform 34 (revision 3)" complete.
"Install Android SDK Platform 34 (revision 3)" finished.
Note: Some input files use or override a deprecated API.
Note: Recompile with -Xlint:deprecation for details.
Font asset "CupertinoIcons.ttf" was tree-shaken, reducing it from 257628 to 848 bytes (99.7% reduction). Tree-shaking can be disabled by providing the --no-tree-shake-icons flag when building your app.
Font asset "MaterialIcons-Regular.otf" was tree-shaken, reducing it from 1645184 to 20908 bytes (98.7% reduction). Tree-shaking can be disabled by providing the --no-tree-shake-icons flag when building your app.
Caught exception: Already watching path: /home/user/never_miss_bus/android
Running Gradle task 'assembleRelease'...                          445.3s
✓ Built build/app/outputs/flutter-apk/app-release.apk (27.1MB)
EXIT=0
