Resolving dependencies...
Downloading packages...
  _flutterfire_internals 1.3.59 (1.3.77 available)
  async 2.11.0 (2.13.1 available)
  boolean_selector 2.1.1 (2.1.2 available)
  characters 1.3.0 (1.4.1 available)
  clock 1.1.1 (1.1.3 available)
  cloud_firestore 5.6.12 (6.9.0 available)
  cloud_firestore_platform_interface 6.6.12 (8.0.7 available)
  cloud_firestore_web 4.4.12 (5.7.3 available)
  collection 1.18.0 (1.19.1 available)
  connectivity_plus 6.1.5 (7.3.1 available)
  cupertino_icons 1.0.8 (1.0.9 available)
  dbus 0.7.12 (0.7.15 available)
  device_info_plus 10.1.2 (13.2.0 available)
  device_info_plus_platform_interface 7.0.2 (8.1.0 available)
  fake_async 1.3.1 (1.3.3 available)
  ffi 2.1.3 (2.2.0 available)
  firebase_auth 5.7.0 (6.6.1 available)
  firebase_auth_platform_interface 7.7.3 (9.0.7 available)
  firebase_auth_web 5.15.3 (6.2.7 available)
  firebase_core 3.15.2 (4.14.0 available)
  firebase_core_platform_interface 6.0.3 (8.1.1 available)
  firebase_core_web 2.24.1 (3.11.0 available)
  firebase_database 11.3.10 (12.5.0 available)
  firebase_database_platform_interface 0.2.6+10 (0.4.0+7 available)
  firebase_database_web 0.2.6+16 (0.2.7+14 available)
  firebase_messaging 15.2.10 (16.6.0 available)
  firebase_messaging_platform_interface 4.6.10 (4.10.0 available)
  firebase_messaging_web 3.10.10 (4.2.5 available)
  flutter_lints 4.0.0 (6.0.0 available)
  flutter_local_notifications 17.2.4 (22.3.0 available)
  flutter_local_notifications_linux 4.0.1 (8.0.1 available)
  flutter_local_notifications_platform_interface 7.2.0 (12.2.0 available)
  flutter_map 7.0.2 (8.3.2 available)
  flutter_riverpod 2.6.1 (3.4.2 available)
  geolocator 13.0.4 (14.0.3 available)
! geolocator_android 4.6.1 (overridden) (5.0.3 available)
  geolocator_platform_interface 4.2.8 (4.3.0 available)
  go_router 14.8.1 (18.0.0 available)
  http_parser 4.0.2 (4.1.2 available)
  intl 0.19.0 (0.20.3 available)
  latlong2 0.9.1 (0.10.1 available)
  leak_tracker 10.0.5 (11.0.2 available)
  leak_tracker_flutter_testing 3.0.5 (3.0.10 available)
  leak_tracker_testing 3.0.1 (3.0.2 available)
  lints 4.0.0 (6.1.0 available)
  matcher 0.12.16+1 (0.12.20 available)
  material_color_utilities 0.11.1 (0.13.1 available)
  meta 1.15.0 (1.19.0 available)
  mgrs_dart 2.0.0 (3.0.0 available)
  path 1.9.0 (1.9.1 available)
  path_provider_linux 2.2.1 (2.2.2 available)
  path_provider_platform_interface 2.1.2 (2.1.3 available)
  permission_handler 11.4.0 (13.0.1 available)
  permission_handler_android 12.1.0 (14.0.0 available)
  permission_handler_apple 9.4.10 (9.6.1 available)
  permission_handler_platform_interface 4.3.0 (4.4.0 available)
  permission_handler_windows 0.2.1 (0.2.2 available)
  petitparser 6.0.2 (7.0.2 available)
  proj4dart 2.1.0 (3.0.0 available)
  riverpod 2.6.1 (3.4.2 available)
  shared_preferences 2.5.3 (2.5.5 available)
  shared_preferences_android 2.4.7 (2.4.28 available)
  shared_preferences_foundation 2.5.4 (2.5.7 available)
  shared_preferences_platform_interface 2.4.1 (2.4.2 available)
  source_span 1.10.0 (1.10.2 available)
  stack_trace 1.11.1 (1.12.2 available)
  stream_channel 2.1.2 (2.1.4 available)
  string_scanner 1.2.0 (1.4.1 available)
  term_glyph 1.2.1 (1.2.2 available)
  test_api 0.7.2 (0.7.13 available)
  timezone 0.9.4 (0.11.1 available)
  unicode 0.3.1 (1.1.9 available)
  url_launcher 6.3.1 (6.3.2 available)
  url_launcher_android 6.3.14 (6.3.33 available)
  url_launcher_ios 6.3.3 (6.4.2 available)
  url_launcher_linux 3.2.1 (3.2.3 available)
  url_launcher_macos 3.2.2 (3.2.6 available)
  url_launcher_web 2.3.3 (2.4.3 available)
  url_launcher_windows 3.1.4 (3.1.6 available)
  vector_math 2.1.4 (2.4.2 available)
  vm_service 14.2.5 (15.3.0 available)
  win32 5.10.1 (6.4.0 available)
  win32_registry 1.1.5 (3.0.3 available)
  xml 6.5.0 (7.0.1 available)
Got dependencies!
84 packages have newer versions incompatible with dependency constraints.
Try `flutter pub outdated` for more information.

Running Gradle task 'assembleRelease'...                        
Checking the license for package Android SDK Build-Tools 33.0.1 in /opt/sdk/android/licenses
License for package Android SDK Build-Tools 33.0.1 accepted.
Preparing "Install Android SDK Build-Tools 33.0.1 v.33.0.1".
"Install Android SDK Build-Tools 33.0.1 v.33.0.1" ready.
Installing Android SDK Build-Tools 33.0.1 in /opt/sdk/android/build-tools/33.0.1
"Install Android SDK Build-Tools 33.0.1 v.33.0.1" complete.
"Install Android SDK Build-Tools 33.0.1 v.33.0.1" finished.
Checking the license for package Android SDK Platform 34 in /opt/sdk/android/licenses
License for package Android SDK Platform 34 accepted.
Preparing "Install Android SDK Platform 34 (revision 3)".
"Install Android SDK Platform 34 (revision 3)" ready.
Installing Android SDK Platform 34 in /opt/sdk/android/platforms/android-34
"Install Android SDK Platform 34 (revision 3)" complete.
"Install Android SDK Platform 34 (revision 3)" finished.
Note: Some input files use or override a deprecated API.
Note: Recompile with -Xlint:deprecation for details.
Font asset "CupertinoIcons.ttf" was tree-shaken, reducing it from 257628 to 848 bytes (99.7% reduction). Tree-shaking can be disabled by providing the --no-tree-shake-icons flag when building your app.
Font asset "MaterialIcons-Regular.otf" was tree-shaken, reducing it from 1645184 to 18180 bytes (98.9% reduction). Tree-shaking can be disabled by providing the --no-tree-shake-icons flag when building your app.
Caught exception: Already watching path: /home/user/never_miss_bus/android
Running Gradle task 'assembleRelease'...                          435.2s
✓ Built build/app/outputs/flutter-apk/app-release.apk (26.9MB)
EXIT=0
